<pool type='dir'>
  <name>default</name>
  <source/>
  <target>
    <path>/var/lib/libvirt/images</path>
  </target>
</pool>
